Component: ARM Compiler 5.06 update 4 (build 422) Tool: armlink [4d35d2]

==============================================================================

Section Cross References

    startup_stm32f10x_hd.o(STACK) refers (Special) to heapauxi.o(.text) for __use_two_region_memory
    startup_stm32f10x_hd.o(HEAP) refers (Special) to heapauxi.o(.text) for __use_two_region_memory
    startup_stm32f10x_hd.o(RESET) refers (Special) to heapauxi.o(.text) for __use_two_region_memory
    startup_stm32f10x_hd.o(RESET) refers to startup_stm32f10x_hd.o(STACK) for __initial_sp
    startup_stm32f10x_hd.o(RESET) refers to startup_stm32f10x_hd.o(.text) for Reset_Handler
    startup_stm32f10x_hd.o(RESET) refers to stm32f10x_it.o(i.NMI_Handler) for NMI_Handler
    startup_stm32f10x_hd.o(RESET) refers to stm32f10x_it.o(i.HardFault_Handler) for HardFault_Handler
    startup_stm32f10x_hd.o(RESET) refers to stm32f10x_it.o(i.MemManage_Handler) for MemManage_Handler
    startup_stm32f10x_hd.o(RESET) refers to stm32f10x_it.o(i.BusFault_Handler) for BusFault_Handler
    startup_stm32f10x_hd.o(RESET) refers to stm32f10x_it.o(i.UsageFault_Handler) for UsageFault_Handler
    startup_stm32f10x_hd.o(RESET) refers to stm32f10x_it.o(i.SVC_Handler) for SVC_Handler
    startup_stm32f10x_hd.o(RESET) refers to stm32f10x_it.o(i.DebugMon_Handler) for DebugMon_Handler
    startup_stm32f10x_hd.o(RESET) refers to stm32f10x_it.o(i.SysTick_Handler) for SysTick_Handler
    startup_stm32f10x_hd.o(RESET) refers to stm32f10x_it.o(i.RTC_IRQHandler) for RTC_IRQHandler
    startup_stm32f10x_hd.o(RESET) refers to stm32f10x_it.o(i.EXTI0_IRQHandler) for EXTI0_IRQHandler
    startup_stm32f10x_hd.o(RESET) refers to usart.o(i.USART1_IRQHandler) for USART1_IRQHandler
    startup_stm32f10x_hd.o(RESET) refers to esp8266.o(i.USART2_IRQHandler) for USART2_IRQHandler
    startup_stm32f10x_hd.o(.text) refers (Special) to heapauxi.o(.text) for __use_two_region_memory
    startup_stm32f10x_hd.o(.text) refers to system_stm32f10x.o(i.SystemInit) for SystemInit
    startup_stm32f10x_hd.o(.text) refers to __main.o(!!!main) for __main
    startup_stm32f10x_hd.o(.text) refers to startup_stm32f10x_hd.o(HEAP) for Heap_Mem
    startup_stm32f10x_hd.o(.text) refers to startup_stm32f10x_hd.o(STACK) for Stack_Mem
    system_stm32f10x.o(i.SetSysClock) refers to system_stm32f10x.o(i.SetSysClockTo72) for SetSysClockTo72
    system_stm32f10x.o(i.SystemCoreClockUpdate) refers to system_stm32f10x.o(.data) for SystemCoreClock
    system_stm32f10x.o(i.SystemInit) refers to system_stm32f10x.o(i.SetSysClock) for SetSysClock
    stm32f10x_it.o(i.BusFault_Handler) refers to usart.o(i.UsartPrintf) for UsartPrintf
    stm32f10x_it.o(i.HardFault_Handler) refers to usart.o(i.UsartPrintf) for UsartPrintf
    stm32f10x_it.o(i.MemManage_Handler) refers to usart.o(i.UsartPrintf) for UsartPrintf
    stm32f10x_it.o(i.UsageFault_Handler) refers to usart.o(i.UsartPrintf) for UsartPrintf
    main.o(i.hardware_init) refers to misc.o(i.NVIC_PriorityGroupConfig) for NVIC_PriorityGroupConfig
    main.o(i.hardware_init) refers to delay.o(i.delay_init) for delay_init
    main.o(i.hardware_init) refers to usart.o(i.uart_init) for uart_init
    main.o(i.hardware_init) refers to usart.o(i.Usart2_Init) for Usart2_Init
    main.o(i.hardware_init) refers to __2printf.o(.text) for __2printf
    main.o(i.hardware_init) refers to delay.o(i.delay_ms) for delay_ms
    main.o(i.hardware_init) refers to dht11.o(i.DHT11_Init) for DHT11_Init
    main.o(i.hardware_init) refers to relay.o(i.relay_init) for relay_init
    main.o(i.hardware_init) refers to esp8266.o(i.ESP8266_Init) for ESP8266_Init
    main.o(i.hardware_init) refers to usart.o(i.UsartPrintf) for UsartPrintf
    main.o(i.main) refers to main.o(i.hardware_init) for hardware_init
    main.o(i.main) refers to delay.o(i.DelayXms) for DelayXms
    main.o(i.main) refers to onenet.o(i.OneNet_DevLink) for OneNet_DevLink
    main.o(i.main) refers to usart.o(i.UsartPrintf) for UsartPrintf
    main.o(i.main) refers to onenet.o(i.OneNet_SendData) for OneNet_SendData
    main.o(i.main) refers to esp8266.o(i.ESP8266_Clear) for ESP8266_Clear
    main.o(i.main) refers to esp8266.o(i.ESP8266_GetIPD) for ESP8266_GetIPD
    main.o(i.main) refers to onenet.o(i.OneNet_RevPro) for OneNet_RevPro
    delay.o(i.DelayXms) refers to delay.o(.data) for fac_ms
    delay.o(i.delay_init) refers to misc.o(i.SysTick_CLKSourceConfig) for SysTick_CLKSourceConfig
    delay.o(i.delay_init) refers to system_stm32f10x.o(.data) for SystemCoreClock
    delay.o(i.delay_init) refers to delay.o(.data) for fac_us
    delay.o(i.delay_ms) refers to delay.o(.data) for fac_ms
    delay.o(i.delay_us) refers to delay.o(.data) for fac_us
    usart.o(i.USART1_IRQHandler) refers (Special) to use_no_semi_2.o(.text) for __use_no_semihosting
    usart.o(i.USART1_IRQHandler) refers to stm32f10x_usart.o(i.USART_GetITStatus) for USART_GetITStatus
[...]
    .text                                    0x08000a54   Section        0  _sputc.o(.text)
    .text                                    0x08000a5e   Section        0  _snputc.o(.text)
    .text                                    0x08000a70   Section        0  _printf_char_file.o(.text)
    .text                                    0x08000a94   Section        0  _printf_wctomb.o(.text)
    .text                                    0x08000b50   Section        0  _printf_longlong_dec.o(.text)
    .text                                    0x08000bcc   Section        0  _printf_oct_int_ll.o(.text)
    _printf_longlong_oct_internal            0x08000bcd   Thumb Code     0  _printf_oct_int_ll.o(.text)
    .text                                    0x08000c3c   Section        0  _printf_hex_int_ll_ptr.o(.text)
    _printf_hex_common                       0x08000c3d   Thumb Code     0  _printf_hex_int_ll_ptr.o(.text)
    .text                                    0x08000cd0   Section        0  strtol.o(.text)
    .text                                    0x08000d40   Section      100  rt_memcpy_w.o(.text)
    .text                                    0x08000da4   Section        8  libspace.o(.text)
    .text                                    0x08000dac   Section       16  rt_ctype_table.o(.text)
    .text                                    0x08000dbc   Section        0  h1_extend.o(.text)
    .text                                    0x08000df0   Section      138  lludiv10.o(.text)
    .text                                    0x08000e7a   Section        0  _printf_fp_dec.o(.text)
    _fp_digits                               0x08000e7d   Thumb Code   428  _printf_fp_dec.o(.text)
    .text                                    0x08001294   Section        0  _printf_char.o(.text)
    .text                                    0x080012c0   Section        0  _printf_wchar.o(.text)
    .text                                    0x080012ec   Section        0  _strtoul.o(.text)
    .text                                    0x0800138a   Section        0  ferror.o(.text)
    .text                                    0x08001392   Section        0  _wcrtomb.o(.text)
    .text                                    0x080013d2   Section        0  defsig_rtmem_outer.o(.text)
    .text                                    0x080013e0   Section       74  sys_stackheap_outer.o(.text)
    .text                                    0x0800142c   Section        8  rt_locale_intlibspace.o(.text)
    .text                                    0x08001434   Section        0  _printf_fp_infnan.o(.text)
    .text                                    0x080014b4   Section        0  _chval.o(.text)
    .text                                    0x080014d0   Section        0  bigflt0.o(.text)
    .text                                    0x080015ac   Section        0  exit.o(.text)
    .text                                    0x080015be   Section        0  defsig_exit.o(.text)
    .text                                    0x080015c8   Section        0  defsig_rtmem_inner.o(.text)
    .text                                    0x08001618   Section        0  defsig_general.o(.text)
    .text                                    0x0800164c   Section      128  strcmpv7m.o(.text)
    CL$$btod_d2e                             0x080016cc   Section       62  btod.o(CL$$btod_d2e)
    CL$$btod_d2e_denorm_low                  0x0800170a   Section       70  btod.o(CL$$btod_d2e_denorm_low)
    CL$$btod_d2e_norm_op1                    0x08001750   Section       96  btod.o(CL$$btod_d2e_norm_op1)
    CL$$btod_div_common                      0x080017b0   Section      824  btod.o(CL$$btod_div_common)
    CL$$btod_e2e                             0x08001ae8   Section      198  btod.o(CL$$btod_e2e)
    CL$$btod_ediv                            0x08001bae   Section       40  btod.o(CL$$btod_ediv)
    CL$$btod_emul                            0x08001bd6   Section       40  btod.o(CL$$btod_emul)
    CL$$btod_mult_common                     0x08001bfe   Section      580  btod.o(CL$$btod_mult_common)
    i.BusFault_Handler                       0x08001e44   Section        0  stm32f10x_it.o(i.BusFault_Handler)
    i.DHT11_Check                            0x08001e90   Section        0  dht11.o(i.DHT11_Check)
    i.DHT11_Init                             0x08001ef4   Section        0  dht11.o(i.DHT11_Init)
    i.DHT11_Read_Bit                         0x08001f34   Section        0  dht11.o(i.DHT11_Read_Bit)
    i.DHT11_Read_Byte                        0x08001f80   Section        0  dht11.o(i.DHT11_Read_Byte)
    i.DHT11_Read_Data                        0x08001f9e   Section        0  dht11.o(i.DHT11_Read_Data)
    i.DHT11_Rst                              0x08001ff8   Section        0  dht11.o(i.DHT11_Rst)
    i.DebugMon_Handler                       0x08002038   Section        0  stm32f10x_it.o(i.DebugMon_Handler)
    i.DelayXms                               0x0800203c   Section        0  delay.o(i.DelayXms)
    i.EDP_DeleteBuffer                       0x08002084   Section        0  edpkit.o(i.EDP_DeleteBuffer)
    i.EDP_NewBuffer                          0x080020a0   Section        0  edpkit.o(i.EDP_NewBuffer)
    i.EDP_PacketCmdResp                      0x080020f8   Section        0  edpkit.o(i.EDP_PacketCmdResp)
    i.EDP_PacketConnect1                     0x080021b8   Section        0  edpkit.o(i.EDP_PacketConnect1)
    i.EDP_PacketSaveData                     0x080022a4   Section        0  edpkit.o(i.EDP_PacketSaveData)
    i.EDP_UnPacketCmd                        0x08002478   Section        0  edpkit.o(i.EDP_UnPacketCmd)
    i.EDP_UnPacketConnectRsp                 0x0800254e   Section        0  edpkit.o(i.EDP_UnPacketConnectRsp)
    i.EDP_UnPacketRecv                       0x08002554   Section        0  edpkit.o(i.EDP_UnPacketRecv)
    i.ESP8266_Clear                          0x0800255c   Section        0  esp8266.o(i.ESP8266_Clear)
    i.ESP8266_GetIPD                         0x08002578   Section        0  esp8266.o(i.ESP8266_GetIPD)
    i.ESP8266_Init                           0x080025c8   Section        0  esp8266.o(i.ESP8266_Init)
    i.ESP8266_SendCmd                        0x08002764   Section        0  esp8266.o(i.ESP8266_SendCmd)
    i.ESP8266_SendData                       0x080027b8   Section        0  esp8266.o(i.ESP8266_SendData)
    i.ESP8266_WaitRecive                     0x08002800   Section        0  esp8266.o(i.ESP8266_WaitRecive)
    i.EXTI0_IRQHandler                       0x08002834   Section        0  stm32f10x_it.o(i.EXTI0_IRQHandler)
    i.GPIO_Init                              0x08002836   Section        0  stm32f10x_gpio.o(i.GPIO_Init)
    i.GPIO_ReadOutputDataBit                 0x0800294c   Section        0  stm32f10x_gpio.o(i.GPIO_ReadOutputDataBit)
    i.GPIO_ResetBits                         0x0800295e   Section        0  stm32f10x_gpio.o(i.GPIO_ResetBits)
    i.GPIO_SetBits                           0x08002962   Section        0  stm32f10x_gpio.o(i.GPIO_SetBits)
    i.GPIO_WriteBit                          0x08002966   Section        0  stm32f10x_gpio.o(i.GPIO_WriteBit)
    i.HardFault_Handler                      0x08002970   Section        0  stm32f10x_it.o(i.HardFault_Handler)
    i.MemManage_Handler                      0x080029bc   Section        0  stm32f10x_it.o(i.MemManage_Handler)
    i.NMI_Handler                            0x08002a08   Section        0  stm32f10x_it.o(i.NMI_Handler)
    i.NVIC_Init                              0x08002a0c   Section        0  misc.o(i.NVIC_Init)
    i.NVIC_PriorityGroupConfig               0x08002a7c   Section        0  misc.o(i.NVIC_PriorityGroupConfig)
    i.OneNet_DevLink                         0x08002a90   Section        0  onenet.o(i.OneNet_DevLink)
    i.OneNet_FillBuf                         0x08002d5c   Section        0  onenet.o(i.OneNet_FillBuf)
    i.OneNet_RevPro                          0x08002e30   Section        0  onenet.o(i.OneNet_RevPro)
    i.OneNet_SendData                        0x08002fb4   Section        0  onenet.o(i.OneNet_SendData)
    i.Pin_value                              0x08003090   Section        0  relay.o(i.Pin_value)
    i.RCC_APB1PeriphClockCmd                 0x080030b0   Section        0  stm32f10x_rcc.o(i.RCC_APB1PeriphClockCmd)
    i.RCC_APB2PeriphClockCmd                 0x080030d0   Section        0  stm32f10x_rcc.o(i.RCC_APB2PeriphClockCmd)
    i.RCC_GetClocksFreq                      0x080030f0   Section        0  stm32f10x_rcc.o(i.RCC_GetClocksFreq)
    i.RTC_IRQHandler                         0x080031cc   Section        0  stm32f10x_it.o(i.RTC_IRQHandler)
    i.ReadRemainlen                          0x080031ce   Section        0  edpkit.o(i.ReadRemainlen)
    i.SVC_Handler                            0x0800320c   Section        0  stm32f10x_it.o(i.SVC_Handler)
    i.SetSysClock                            0x0800320e   Section        0  system_stm32f10x.o(i.SetSysClock)
    SetSysClock                              0x0800320f   Thumb Code     8  system_stm32f10x.o(i.SetSysClock)
    i.SetSysClockTo72                        0x08003218   Section        0  system_stm32f10x.o(i.SetSysClockTo72)
    SetSysClockTo72                          0x08003219   Thumb Code   214  system_stm32f10x.o(i.SetSysClockTo72)
    i.SysTick_CLKSourceConfig                0x080032f8   Section        0  misc.o(i.SysTick_CLKSourceConfig)
    i.SysTick_Handler                        0x08003320   Section        0  stm32f10x_it.o(i.SysTick_Handler)
    i.SystemInit                             0x08003324   Section        0  system_stm32f10x.o(i.SystemInit)
    i.USART1_IRQHandler                      0x08003384   Section        0  usart.o(i.USART1_IRQHandler)
    i.USART2_IRQHandler                      0x0800340c   Section        0  esp8266.o(i.USART2_IRQHandler)
    i.USART_ClearFlag                        0x08003458   Section        0  stm32f10x_usart.o(i.USART_ClearFlag)
    i.USART_Cmd                              0x0800346a   Section        0  stm32f10x_usart.o(i.USART_Cmd)
    i.USART_GetFlagStatus                    0x08003482   Section        0  stm32f10x_usart.o(i.USART_GetFlagStatus)
    i.USART_GetITStatus                      0x0800349c   Section        0  stm32f10x_usart.o(i.USART_GetITStatus)
    i.USART_ITConfig                         0x080034f0   Section        0  stm32f10x_usart.o(i.USART_ITConfig)
    i.USART_Init                             0x0800353c   Section        0  stm32f10x_usart.o(i.USART_Init)
    i.USART_ReceiveData                      0x08003614   Section        0  stm32f10x_usart.o(i.USART_ReceiveData)
    i.USART_SendData                         0x0800361e   Section        0  stm32f10x_usart.o(i.USART_SendData)
    i.UsageFault_Handler                     0x08003628   Section        0  stm32f10x_it.o(i.UsageFault_Handler)
    i.Usart2_Init                            0x08003678   Section        0  usart.o(i.Usart2_Init)
    i.UsartPrintf                            0x08003724   Section        0  usart.o(i.UsartPrintf)
    i.Usart_SendString                       0x0800376c   Section        0  usart.o(i.Usart_SendString)
    i.WriteRemainlen                         0x0800379e   Section        0  edpkit.o(i.WriteRemainlen)
    i.__ARM_fpclassify                       0x080037cc   Section        0  fpclassify.o(i.__ARM_fpclassify)
    i._is_digit                              0x080037f4   Section        0  __printf_wp.o(i._is_digit)
    i._sys_exit                              0x08003802   Section        0  usart.o(i._sys_exit)
    i._ttywrch                               0x08003808   Section        0  usart.o(i._ttywrch)
    i.delay_init                             0x08003810   Section        0  delay.o(i.delay_init)
    i.delay_ms                               0x08003854   Section        0  delay.o(i.delay_ms)
    i.delay_us                               0x080038a0   Section        0  delay.o(i.delay_us)
    i.fputc                                  0x080038ec   Section        0  usart.o(i.fputc)
    i.hardware_init                          0x08003908   Section        0  main.o(i.hardware_init)
    i.main                                   0x08003978   Section        0  main.o(i.main)
    i.relay_init                             0x080039e4   Section        0  relay.o(i.relay_init)
    i.relay_off                              0x08003a10   Section        0  relay.o(i.relay_off)
    i.relay_on                               0x08003a24   Section        0  relay.o(i.relay_on)
    i.uart_init                              0x08003a38   Section        0  usart.o(i.uart_init)
    locale$$code                             0x08003ad8   Section       44  lc_ctype_c.o(locale$$code)
    locale$$code                             0x08003b04   Section       44  lc_numeric_c.o(locale$$code)
    x$fpl$printf1                            0x08003b30   Section        4  printf1.o(x$fpl$printf1)
    .constdata                               0x08003b34   Section       17  __printf_flags_ss_wp.o(.constdata)
    x$fpl$usenofp                            0x08003b34   Section        0  usenofp.o(x$fpl$usenofp)
    maptable                                 0x08003b34   Data          17  __printf_flags_ss_wp.o(.constdata)
    .constdata                               0x08003b48   Section        8  _printf_wctomb.o(.constdata)
    initial_mbstate                          0x08003b48   Data           8  _printf_wctomb.o(.constdata)
    .constdata                               0x08003b50   Section       40  _printf_hex_int_ll_ptr.o(.constdata)
    uc_hextab                                0x08003b50   Data          20  _printf_hex_int_ll_ptr.o(.constdata)
    lc_hextab                                0x08003b64   Data          20  _printf_hex_int_ll_ptr.o(.constdata)
    .constdata                               0x08003b78   Section      148  bigflt0.o(.constdata)
    tenpwrs_x                                0x08003b78   Data          60  bigflt0.o(.constdata)
    tenpwrs_i                                0x08003bb4   Data          64  bigflt0.o(.constdata)
    locale$$data                             0x08003c2c   Section      272  lc_ctype_c.o(locale$$data)
    __lcctype_c_name                         0x08003c30   Data           2  lc_ctype_c.o(locale$$data)
    __lcctype_c_start                        0x08003c38   Data           0  lc_ctype_c.o(locale$$data)
    locale$$data                             0x08003d3c   Section       28  lc_numeric_c.o(locale$$data)
    __lcctype_c_end                          0x08003d3c   Data           0  lc_ctype_c.o(locale$$data)
    __lcnum_c_name                           0x08003d40   Data           2  lc_numeric_c.o(locale$$data)
    __lcnum_c_start                          0x08003d48   Data           0  lc_numeric_c.o(locale$$data)
    __lcnum_c_point                          0x08003d54   Data           0  lc_numeric_c.o(locale$$data)
    __lcnum_c_thousands                      0x08003d56   Data           0  lc_numeric_c.o(locale$$data)
    __lcnum_c_grouping                       0x08003d57   Data           0  lc_numeric_c.o(locale$$data)
    __lcnum_c_end                            0x08003d58   Data           0  lc_numeric_c.o(locale$$data)
    .data                                    0x20000000   Section       20  system_stm32f10x.o(.data)
    .data                                    0x20000014   Section        4  delay.o(.data)
    fac_us                                   0x20000014   Data           1  delay.o(.data)
    fac_ms                                   0x20000016   Data           2  delay.o(.data)
    .data                                    0x20000018   Section        6  usart.o(.data)
    .data                                    0x2000001e   Section       20  stm32f10x_rcc.o(.data)
    APBAHBPrescTable                         0x2000001e   Data          16  stm32f10x_rcc.o(.data)
    ADCPrescTable                            0x2000002e   Data           4  stm32f10x_rcc.o(.data)
    .data                                    0x20000032   Section        1  relay.o(.data)
    .data                                    0x20000034   Section        4  esp8266.o(.data)
    .data                                    0x20000038   Section        4  onenet.o(.data)
    .bss                                     0x2000003c   Section      220  usart.o(.bss)
    .bss                                     0x20000118   Section      128  esp8266.o(.bss)
    .bss                                     0x20000198   Section       96  libspace.o(.bss)
    HEAP                                     0x200001f8   Section     1024  startup_stm32f10x_hd.o(HEAP)
    Heap_Mem                                 0x200001f8   Data        1024  startup_stm32f10x_hd.o(HEAP)
    STACK                                    0x200005f8   Section     1024  startup_stm32f10x_hd.o(STACK)
    Stack_Mem                                0x200005f8   Data        1024  startup_stm32f10x_hd.o(STACK)
    __initial_sp                             0x200009f8   Data           0  startup_stm32f10x_hd.o(STACK)

    Global Symbols

    Symbol Name                              Value     Ov Type        Size  Object(Section)

    BuildAttributes$$THM_ISAv4$P$D$K$B$S$PE$A:L22UL41UL21$X:L11$S22US41US21$IEEE1$IW$USESV6$~STKCKD$USESV7$~SHL$OTIME$ROPI$IEEEJ$EBA8$UX$STANDARDLIB$REQ8$PRES8$EABIv2 0x00000000   Number         0  anon$$obj.o ABSOLUTE
    __ARM_use_no_argv                        0x00000000   Number         0  main.o ABSOLUTE
    _printf_flags                            0x00000000   Number         0  printf_stubs.o ABSOLUTE
    _printf_return_value                     0x00000000   Number         0  printf_stubs.o ABSOLUTE
    _printf_sizespec                         0x00000000   Number         0  printf_stubs.o ABSOLUTE
    _printf_widthprec                        0x00000000   Number         0  printf_stubs.o ABSOLUTE
    __ARM_exceptions_init                     - Undefined Weak Reference
    __alloca_initialize                       - Undefined Weak Reference
    __arm_preinit_                            - Undefined Weak Reference
    __cpp_initialize__aeabi_                  - Undefined Weak Reference
    __cxa_finalize                            - Undefined Weak Reference
    __sigvec_lookup                           - Undefined Weak Reference
    __user_heap_extent                        - Undefined Weak Reference
    _atexit_init                              - Undefined Weak Reference
    _call_atexit_fns                          - Undefined Weak Reference
    _clock_init                               - Undefined Weak Reference
    _fp_trap_init                             - Undefined Weak Reference
    _fp_trap_shutdown                         - Undefined Weak Reference
    _get_lc_collate                           - Undefined Weak Reference
    _get_lc_monetary                          - Undefined Weak Reference
    _get_lc_time                              - Undefined Weak Reference
    _getenv_init                              - Undefined Weak Reference
    _handle_redirection                       - Undefined Weak Reference
    _initio                                   - Undefined Weak Reference
    _mutex_acquire                            - Undefined Weak Reference
    _mutex_free                               - Undefined Weak Reference
    _mutex_release                            - Undefined Weak Reference
    _printf_fp_hex                            - Undefined Weak Reference
    _printf_mbtowc                            - Undefined Weak Reference
    _printf_wc                                - Undefined Weak Reference
    _rand_init                                - Undefined Weak Reference
    _signal_finish                            - Undefined Weak Reference
    _signal_init                              - Undefined Weak Reference
    _terminateio                              - Undefined Weak Reference
    __Vectors_Size                           0x00000130   Number         0  startup_stm32f10x_hd.o ABSOLUTE
    __Vectors                                0x08000000   Data           4  startup_stm32f10x_hd.o(RESET)
    __Vectors_End                            0x08000130   Data           0  startup_stm32f10x_hd.o(RESET)
    __main                                   0x08000131   Thumb Code     8  __main.o(!!!main)
    __scatterload                            0x08000139   Thumb Code     0  __scatter.o(!!!scatter)
    __scatterload_rt2                        0x08000139   Thumb Code    44  __scatter.o(!!!scatter)
    __scatterload_rt2_thumb_only             0x08000139   Thumb Code     0  __scatter.o(!!!scatter)
    __scatterload_null                       0x08000147   Thumb Code     0  __scatter.o(!!!scatter)
    __scatterload_copy                       0x0800016d   Thumb Code    26  __scatter_copy.o(!!handler_copy)
    __scatterload_zeroinit                   0x08000189   Thumb Code    28  __scatter_zi.o(!!handler_zi)
    _printf_n                                0x080001a5   Thumb Code     0  _printf_n.o(.ARM.Collect$$_printf_percent$$00000001)
    _printf_percent                          0x080001a5   Thumb Code     0  _printf_percent.o(.ARM.Collect$$_printf_percent$$00000000)
    _printf_p                                0x080001ab   Thumb Code     0  _printf_p.o(.ARM.Collect$$_printf_percent$$00000002)
    _printf_f                                0x080001b1   Thumb Code     0  _printf_f.o(.ARM.Collect$$_printf_percent$$00000003)
    _printf_e                                0x080001b7   Thumb Code     0  _printf_e.o(.ARM.Collect$$_printf_percent$$00000004)
    _printf_g                                0x080001bd   Thumb Code     0  _printf_g.o(.ARM.Collect$$_printf_percent$$00000005)
    _printf_a                                0x080001c3   Thumb Code     0  _printf_a.o(.ARM.Collect$$_printf_percent$$00000006)
    _printf_ll                               0x080001c9   Thumb Code     0  _printf_ll.o(.ARM.Collect$$_printf_percent$$00000007)
    _printf_i                                0x080001d3   Thumb Code     0  _printf_i.o(.ARM.Collect$$_printf_percent$$00000008)
    _printf_d                                0x080001d9   Thumb Code     0  _printf_d.o(.ARM.Collect$$_printf_percent$$00000009)
    _printf_u                                0x080001df   Thumb Code     0  _printf_u.o(.ARM.Collect$$_printf_percent$$0000000A)
    _printf_o                                0x080001e5   Thumb Code     0  _printf_o.o(.ARM.Collect$$_printf_percent$$0000000B)
    _printf_x                                0x080001eb   Thumb Code     0  _printf_x.o(.ARM.Collect$$_printf_percent$$0000000C)
    _printf_lli                              0x080001f1   Thumb Code     0  _printf_lli.o(.ARM.Collect$$_printf_percent$$0000000D)
    _printf_lld                              0x080001f7   Thumb Code     0  _printf_lld.o(.ARM.Collect$$_printf_percent$$0000000E)
    _printf_llu                              0x080001fd   Thumb Code     0  _printf_llu.o(.ARM.Collect$$_printf_percent$$0000000F)
    _printf_llo                              0x08000203   Thumb Code     0  _printf_llo.o(.ARM.Collect$$_printf_percent$$00000010)
    _printf_llx                              0x08000209   Thumb Code     0  _printf_llx.o(.ARM.Collect$$_printf_percent$$00000011)
    _printf_l                                0x0800020f   Thumb Code     0  _printf_l.o(.ARM.Collect$$_printf_percent$$00000012)
    _printf_c                                0x08000219   Thumb Code     0  _printf_c.o(.ARM.Collect$$_printf_percent$$00000013)
    _printf_s                                0x0800021f   Thumb Code     0  _printf_s.o(.ARM.Collect$$_printf_percent$$00000014)
    _printf_lc                               0x08000225   Thumb Code     0  _printf_lc.o(.ARM.Collect$$_printf_percent$$00000015)
    _printf_ls                               0x0800022b   Thumb Code     0  _printf_ls.o(.ARM.Collect$$_printf_percent$$00000016)
    _printf_percent_end                      0x08000231   Thumb Code     0  _printf_percent_end.o(.ARM.Collect$$_printf_percent$$00000017)
    __rt_lib_init                            0x08000235   Thumb Code     0  libinit.o(.ARM.Collect$$libinit$$00000000)
    __rt_lib_init_fp_1                       0x08000237   Thumb Code     0  libinit2.o(.ARM.Collect$$libinit$$00000002)
    __rt_lib_init_heap_2                     0x08000237   Thumb Code     0  libinit2.o(.ARM.Collect$$libinit$$00000005)
    __rt_lib_init_preinit_1                  0x08000237   Thumb Code     0  libinit2.o(.ARM.Collect$$libinit$$00000004)
    __rt_lib_init_heap_1                     0x0800023f   Thumb Code     0  libinit2.o(.ARM.Collect$$libinit$$0000000A)
    __rt_lib_init_lc_common                  0x0800023f   Thumb Code     0  libinit2.o(.ARM.Collect$$libinit$$0000000F)
    __rt_lib_init_rand_1                     0x0800023f   Thumb Code     0  libinit2.o(.ARM.Collect$$libinit$$0000000E)
    __rt_lib_init_user_alloc_1               0x0800023f   Thumb Code     0  libinit2.o(.ARM.Collect$$libinit$$0000000C)
    __rt_lib_init_lc_collate_1               0x08000245   Thumb Code     0  libinit2.o(.ARM.Collect$$libinit$$00000011)
    __rt_lib_init_lc_ctype_2                 0x08000245   Thumb Code     0  libinit2.o(.ARM.Collect$$libinit$$00000012)
    __rt_lib_init_lc_ctype_1                 0x08000251   Thumb Code     0  libinit2.o(.ARM.Collect$$libinit$$00000013)
    __rt_lib_init_lc_monetary_1              0x08000251   Thumb Code     0  libinit2.o(.ARM.Collect$$libinit$$00000015)
    __rt_lib_init_lc_numeric_2               0x08000251   Thumb Code     0  libinit2.o(.ARM.Collect$$libinit$$00000016)
    __rt_lib_init_alloca_1                   0x0800025b   Thumb Code     0  libinit2.o(.ARM.Collect$$libinit$$0000002E)
    __rt_lib_init_argv_1                     0x0800025b   Thumb Code     0  libinit2.o(.ARM.Collect$$libinit$$0000002C)
    __rt_lib_init_atexit_1                   0x0800025b   Thumb Code     0  libinit2.o(.ARM.Collect$$libinit$$0000001B)
    __rt_lib_init_clock_1                    0x0800025b   Thumb Code     0  libinit2.o(.ARM.Collect$$libinit$$00000021)
    __rt_lib_init_cpp_1                      0x0800025b   Thumb Code     0  libinit2.o(.ARM.Collect$$libinit$$00000032)
    __rt_lib_init_exceptions_1               0x0800025b   Thumb Code     0  libinit2.o(.ARM.Collect$$libinit$$00000030)
    __rt_lib_init_fp_trap_1                  0x0800025b   Thumb Code     0  libinit2.o(.ARM.Collect$$libinit$$0000001F)
    __rt_lib_init_getenv_1                   0x0800025b   Thumb Code     0  libinit2.o(.ARM.Collect$$libinit$$00000023)
    __rt_lib_init_lc_numeric_1               0x0800025b   Thumb Code     0  libinit2.o(.ARM.Collect$$libinit$$00000017)
    __rt_lib_init_lc_time_1                  0x0800025b   Thumb Code     0  libinit2.o(.ARM.Collect$$libinit$$00000019)
    __rt_lib_init_return                     0x0800025b   Thumb Code     0  libinit2.o(.ARM.Collect$$libinit$$00000033)
    __rt_lib_init_signal_1                   0x0800025b   Thumb Code     0  libinit2.o(.ARM.Collect$$libinit$$0000001D)
    __rt_lib_init_stdio_1                    0x0800025b   Thumb Code     0  libinit2.o(.ARM.Collect$$libinit$$00000025)
    __rt_lib_shutdown                        0x0800025d   Thumb Code     0  libshutdown.o(.ARM.Collect$$libshutdown$$00000000)
    __rt_lib_shutdown_cpp_1                  0x0800025f   Thumb Code     0  libshutdown2.o(.ARM.Collect$$libshutdown$$00000002)
    __rt_lib_shutdown_fp_trap_1              0x0800025f   Thumb Code     0  libshutdown2.o(.ARM.Collect$$libshutdown$$00000007)
    __rt_lib_shutdown_heap_1                 0x0800025f   Thumb Code     0  libshutdown2.o(.ARM.Collect$$libshutdown$$0000000F)
    __rt_lib_shutdown_return                 0x0800025f   Thumb Code     0  libshutdown2.o(.ARM.Collect$$libshutdown$$00000010)
    __rt_lib_shutdown_signal_1               0x0800025f   Thumb Code     0  libshutdown2.o(.ARM.Collect$$libshutdown$$0000000A)
    __rt_lib_shutdown_stdio_1                0x0800025f   Thumb Code     0  libshutdown2.o(.ARM.Collect$$libshutdown$$00000004)
    __rt_lib_shutdown_user_alloc_1           0x0800025f   Thumb Code     0  libshutdown2.o(.ARM.Collect$$libshutdown$$0000000C)
    __rt_entry                               0x08000261   Thumb Code     0  __rtentry.o(.ARM.Collect$$rtentry$$00000000)
    __rt_entry_presh_1                       0x08000261   Thumb Code     0  __rtentry2.o(.ARM.Collect$$rtentry$$00000002)
    __rt_entry_sh                            0x08000261   Thumb Code     0  __rtentry4.o(.ARM.Collect$$rtentry$$00000004)
    __rt_entry_li                            0x08000267   Thumb Code     0  __rtentry2.o(.ARM.Collect$$rtentry$$0000000A)
    __rt_entry_postsh_1                      0x08000267   Thumb Code     0  __rtentry2.o(.ARM.Collect$$rtentry$$00000009)
    __rt_entry_main                          0x0800026b   Thumb Code     0  __rtentry2.o(.ARM.Collect$$rtentry$$0000000D)
    __rt_entry_postli_1                      0x0800026b   Thumb Code     0  __rtentry2.o(.ARM.Collect$$rtentry$$0000000C)
    __rt_exit                                0x08000273   Thumb Code     0  rtexit.o(.ARM.Collect$$rtexit$$00000000)
    __rt_exit_ls                             0x08000275   Thumb Code     0  rtexit2.o(.ARM.Collect$$rtexit$$00000003)
    __rt_exit_prels_1                        0x08000275   Thumb Code     0  rtexit2.o(.ARM.Collect$$rtexit$$00000002)
    __rt_exit_exit                           0x08000279   Thumb Code     0  rtexit2.o(.ARM.Collect$$rtexit$$00000004)
    Reset_Handler                            0x08000281   Thumb Code     8  startup_stm32f10x_hd.o(.text)
    _maybe_terminate_alloc                   0x08000281   Thumb Code     0  maybetermalloc1.o(.emb_text)
    PendSV_Handler                           0x08000297   Thumb Code     2  startup_stm32f10x_hd.o(.text)
    ADC1_2_IRQHandler                        0x0800029b   Thumb Code     0  startup_stm32f10x_hd.o(.text)
    ADC3_IRQHandler                          0x0800029b   Thumb Code     0  startup_stm32f10x_hd.o(.text)
    CAN1_RX1_IRQHandler                      0x0800029b   Thumb Code     0  startup_stm32f10x_hd.o(.text)
    CAN1_SCE_IRQHandler                      0x0800029b   Thumb Code     0  startup_stm32f10x_hd.o(.text)
    DMA1_Channel1_IRQHandler                 0x0800029b   Thumb Code     0  startup_stm32f10x_hd.o(.text)
    DMA1_Channel2_IRQHandler                 0x0800029b   Thumb Code     0  startup_stm32f10x_hd.o(.text)
    DMA1_Channel3_IRQHandler                 0x0800029b   Thumb Code     0  startup_stm32f10x_hd.o(.text)
    DMA1_Channel4_IRQHandler                 0x0800029b   Thumb Code     0  startup_stm32f10x_hd.o(.text)
    DMA1_Channel5_IRQHandler                 0x0800029b   Thumb Code     0  startup_stm32f10x_hd.o(.text)
    DMA1_Channel6_IRQHandler                 0x0800029b   Thumb Code     0  startup_stm32f10x_hd.o(.text)
    DMA1_Channel7_IRQHandler                 0x0800029b   Thumb Code     0  startup_stm32f10x_hd.o(.text)
    DMA2_Channel1_IRQHandler                 0x0800029b   Thumb Code     0  startup_stm32f10x_hd.o(.text)
    DMA2_Channel2_IRQHandler                 0x0800029b   Thumb Code     0  startup_stm32f10x_hd.o(.text)
    DMA2_Channel3_IRQHandler                 0x0800029b   Thumb Code     0  startup_stm32f10x_hd.o(.text)
    DMA2_Channel4_5_IRQHandler               0x0800029b   Thumb Code     0  startup_stm32f10x_hd.o(.text)
    EXTI15_10_IRQHandler                     0x0800029b   Thumb Code     0  startup_stm32f10x_hd.o(.text)
    EXTI1_IRQHandler                         0x0800029b   Thumb Code     0  startup_stm32f10x_hd.o(.text)
    EXTI2_IRQHandler                         0x0800029b   Thumb Code     0  startup_stm32f10x_hd.o(.text)
    EXTI3_IRQHandler                         0x0800029b   Thumb Code     0  startup_stm32f10x_hd.o(.text)
    EXTI4_IRQHandler                         0x0800029b   Thumb Code     0  startup_stm32f10x_hd.o(.text)
    EXTI9_5_IRQHandler                       0x0800029b   Thumb Code     0  startup_stm32f10x_hd.o(.text)
    FLASH_IRQHandler                         0x0800029b   Thumb Code     0  startup_stm32f10x_hd.o(.text)
    FSMC_IRQHandler                          0x0800029b   Thumb Code     0  startup_stm32f10x_hd.o(.text)
    I2C1_ER_IRQHandler                       0x0800029b   Thumb Code     0  startup_stm32f10x_hd.o(.text)
    I2C1_EV_IRQHandler                       0x0800029b   Thumb Code     0  startup_stm32f10x_hd.o(.text)
    I2C2_ER_IRQHandler                       0x0800029b   Thumb Code     0  startup_stm32f10x_hd.o(.text)
    I2C2_EV_IRQHandler                       0x0800029b   Thumb Code     0  startup_stm32f10x_hd.o(.text)
    PVD_IRQHandler                           0x0800029b   Thumb Code     0  startup_stm32f10x_hd.o(.text)
    RCC_IRQHandler                           0x0800029b   Thumb Code     0  startup_stm32f10x_hd.o(.text)
    RTCAlarm_IRQHandler                      0x0800029b   Thumb Code     0  startup_stm32f10x_hd.o(.text)
    SDIO_IRQHandler                          0x0800029b   Thumb Code     0  startup_stm32f10x_hd.o(.text)
    SPI1_IRQHandler                          0x0800029b   Thumb Code     0  startup_stm32f10x_hd.o(.text)
    SPI2_IRQHandler                          0x0800029b   Thumb Code     0  startup_stm32f10x_hd.o(.text)
    SPI3_IRQHandler                          0x0800029b   Thumb Code     0  startup_stm32f10x_hd.o(.text)
    TAMPER_IRQHandler                        0x0800029b   Thumb Code     0  startup_stm32f10x_hd.o(.text)
    TIM1_BRK_IRQHandler                      0x0800029b   Thumb Code     0  startup_stm32f10x_hd.o(.text)
    TIM1_CC_IRQHandler                       0x0800029b   Thumb Code     0  startup_stm32f10x_hd.o(.text)
    TIM1_TRG_COM_IRQHandler                  0x0800029b   Thumb Code     0  startup_stm32f10x_hd.o(.text)
    TIM1_UP_IRQHandler                       0x0800029b   Thumb Code     0  startup_stm32f10x_hd.o(.text)
    TIM2_IRQHandler                          0x0800029b   Thumb Code     0  startup_stm32f10x_hd.o(.text)
    TIM3_IRQHandler                          0x0800029b   Thumb Code     0  startup_stm32f10x_hd.o(.text)
    TIM4_IRQHandler                          0x0800029b   Thumb Code     0  startup_stm32f10x_hd.o(.text)
    TIM5_IRQHandler                          0x0800029b   Thumb Code     0  startup_stm32f10x_hd.o(.text)
    TIM6_IRQHandler                          0x0800029b   Thumb Code     0  startup_stm32f10x_hd.o(.text)
    TIM7_IRQHandler                          0x0800029b   Thumb Code     0  startup_stm32f10x_hd.o(.text)
    TIM8_BRK_IRQHandler                      0x0800029b   Thumb Code     0  startup_stm32f10x_hd.o(.text)
    TIM8_CC_IRQHandler                       0x0800029b   Thumb Code     0  startup_stm32f10x_hd.o(.text)
    TIM8_TRG_COM_IRQHandler                  0x0800029b   Thumb Code     0  startup_stm32f10x_hd.o(.text)
    TIM8_UP_IRQHandler                       0x0800029b   Thumb Code     0  startup_stm32f10x_hd.o(.text)
    UART4_IRQHandler                         0x0800029b   Thumb Code     0  startup_stm32f10x_hd.o(.text)
    UART5_IRQHandler                         0x0800029b   Thumb Code     0  startup_stm32f10x_hd.o(.text)
    USART3_IRQHandler                        0x0800029b   Thumb Code     0  startup_stm32f10x_hd.o(.text)
    USBWakeUp_IRQHandler                     0x0800029b   Thumb Code     0  startup_stm32f10x_hd.o(.text)
    USB_HP_CAN1_TX_IRQHandler                0x0800029b   Thumb Code     0  startup_stm32f10x_hd.o(.text)
    USB_LP_CAN1_RX0_IRQHandler               0x0800029b   Thumb Code     0  startup_stm32f10x_hd.o(.text)
    WWDG_IRQHandler                          0x0800029b   Thumb Code     0  startup_stm32f10x_hd.o(.text)
    __user_initial_stackheap                 0x0800029d   Thumb Code     0  startup_stm32f10x_hd.o(.text)
    __use_no_semihosting                     0x080002c1   Thumb Code     2  use_no_semi_2.o(.text)
    malloc                                   0x080002c3   Thumb Code    94  h1_alloc.o(.text)
    free                                     0x08000321   Thumb Code    78  h1_free.o(.text)
    __c89vsnprintf                           0x08000371   Thumb Code    48  c89vsnprintf.o(.text)
    __2printf                                0x080003a5   Thumb Code    20  __2printf.o(.text)
    __2sprintf                               0x080003bd   Thumb Code    38  __2sprintf.o(.text)
    _printf_int_dec                          0x080003e9   Thumb Code   104  _printf_dec.o(.text)
    __printf                                 0x08000461   Thumb Code   388  __printf_flags_ss_wp.o(.text)
    atoi                                     0x080005e9   Thumb Code    26  atoi.o(.text)
    strchr                                   0x08000603   Thumb Code    20  strchr.o(.text)
    strncat                                  0x08000617   Thumb Code    36  strncat.o(.text)
    strstr                                   0x0800063b   Thumb Code    36  strstr.o(.text)
    strlen                                   0x0800065f   Thumb Code    62  strlen.o(.text)
    strcat                                   0x0800069d   Thumb Code    24  strcat.o(.text)
    __aeabi_memcpy                           0x080006b5   Thumb Code     0  rt_memcpy_v6.o(.text)
    __rt_memcpy                              0x080006b5   Thumb Code   138  rt_memcpy_v6.o(.text)
    _memcpy_lastbytes                        0x0800071b   Thumb Code     0  rt_memcpy_v6.o(.text)
    __aeabi_memclr                           0x0800073f   Thumb Code     0  rt_memclr.o(.text)
    __rt_memclr                              0x0800073f   Thumb Code    68  rt_memclr.o(.text)
    _memset                                  0x08000743   Thumb Code     0  rt_memclr.o(.text)
    __aeabi_memclr4                          0x08000783   Thumb Code     0  rt_memclr_w.o(.text)
    __aeabi_memclr8                          0x08000783   Thumb Code     0  rt_memclr_w.o(.text)
    __rt_memclr_w                            0x08000783   Thumb Code    78  rt_memclr_w.o(.text)
    _memset_w                                0x08000787   Thumb Code     0  rt_memclr_w.o(.text)
    __use_two_region_memory                  0x080007d1   Thumb Code     2  heapauxi.o(.text)
    __rt_heap_escrow                         0x080007d3   Thumb Code     2  heapauxi.o(.text)
    __rt_heap_expand                         0x080007d5   Thumb Code     2  heapauxi.o(.text)
    __I$use$semihosting                      0x080007d7   Thumb Code     0  use_no_semi.o(.text)
    __use_no_semihosting_swi                 0x080007d7   Thumb Code     2  use_no_semi.o(.text)
    __rt_heap_descriptor                     0x080007d9   Thumb Code     8  rt_heap_descriptor_intlibspace.o(.text)
    __aeabi_errno_addr                       0x080007e1   Thumb Code     8  rt_errno_addr_intlibspace.o(.text)
    __errno$intlibspace                      0x080007e1   Thumb Code     0  rt_errno_addr_intlibspace.o(.text)
    __rt_errno_addr$intlibspace              0x080007e1   Thumb Code     0  rt_errno_addr_intlibspace.o(.text)
    __use_no_heap                            0x080007e9   Thumb Code     2  hguard.o(.text)
    __heap$guard                             0x080007eb   Thumb Code     2  hguard.o(.text)
    _terminate_user_alloc                    0x080007ed   Thumb Code     2  init_alloc.o(.text)
    _init_user_alloc                         0x080007ef   Thumb Code     2  init_alloc.o(.text)
    __Heap_Full                              0x080007f1   Thumb Code    34  init_alloc.o(.text)
    __Heap_Broken                            0x08000813   Thumb Code     6  init_alloc.o(.text)
    _init_alloc                              0x08000819   Thumb Code    94  init_alloc.o(.text)
    __Heap_Initialize                        0x08000877   Thumb Code    10  h1_init.o(.text)
    __Heap_DescSize                          0x08000881   Thumb Code     4  h1_init.o(.text)
    _printf_pre_padding                      0x08000885   Thumb Code    44  _printf_pad.o(.text)
    _printf_post_padding                     0x080008b1   Thumb Code    34  _printf_pad.o(.text)
    _printf_truncate_signed                  0x080008d3   Thumb Code    18  _printf_truncate.o(.text)
    _printf_truncate_unsigned                0x080008e5   Thumb Code    18  _printf_truncate.o(.text)
    _printf_str                              0x080008f7   Thumb Code    82  _printf_str.o(.text)
    _printf_int_common                       0x08000949   Thumb Code   178  _printf_intcommon.o(.text)
    _printf_charcount                        0x080009fb   Thumb Code    40  _printf_charcount.o(.text)
    _printf_char_common                      0x08000a2f   Thumb Code    32  _printf_char_common.o(.text)
    _sputc                                   0x08000a55   Thumb Code    10  _sputc.o(.text)
    _snputc                                  0x08000a5f   Thumb Code    16  _snputc.o(.text)
    _printf_char_file                        0x08000a71   Thumb Code    32  _printf_char_file.o(.text)
    _printf_wctomb                           0x08000a95   Thumb Code   182  _printf_wctomb.o(.text)
    _printf_longlong_dec                     0x08000b51   Thumb Code   108  _printf_longlong_dec.o(.text)
    _printf_longlong_oct                     0x08000bcd   Thumb Code    66  _printf_oct_int_ll.o(.text)
    _printf_int_oct                          0x08000c0f   Thumb Code    24  _printf_oct_int_ll.o(.text)
    _printf_ll_oct                           0x08000c27   Thumb Code    12  _printf_oct_int_ll.o(.text)
    _printf_longlong_hex                     0x08000c3d   Thumb Code    86  _printf_hex_int_ll_ptr.o(.text)
    _printf_int_hex                          0x08000c93   Thumb Code    28  _printf_hex_int_ll_ptr.o(.text)
    _printf_ll_hex                           0x08000caf   Thumb Code    12  _printf_hex_int_ll_ptr.o(.text)
    _printf_hex_ptr                          0x08000cbb   Thumb Code    18  _printf_hex_int_ll_ptr.o(.text)
    strtol                                   0x08000cd1   Thumb Code   112  strtol.o(.text)
    __aeabi_memcpy4                          0x08000d41   Thumb Code     0  rt_memcpy_w.o(.text)
    __aeabi_memcpy8                          0x08000d41   Thumb Code     0  rt_memcpy_w.o(.text)
    __rt_memcpy_w                            0x08000d41   Thumb Code   100  rt_memcpy_w.o(.text)
    _memcpy_lastbytes_aligned                0x08000d89   Thumb Code     0  rt_memcpy_w.o(.text)
    __user_libspace                          0x08000da5   Thumb Code     8  libspace.o(.text)
    __user_perproc_libspace                  0x08000da5   Thumb Code     0  libspace.o(.text)
    __user_perthread_libspace                0x08000da5   Thumb Code     0  libspace.o(.text)
    __rt_ctype_table                         0x08000dad   Thumb Code    16  rt_ctype_table.o(.text)
    __Heap_ProvideMemory                     0x08000dbd   Thumb Code    52  h1_extend.o(.text)
    _ll_udiv10                               0x08000df1   Thumb Code   138  lludiv10.o(.text)
    __lib_sel_fp_printf                      0x08000e7b   Thumb Code     2  _printf_fp_dec.o(.text)
    _printf_fp_dec_real                      0x08001029   Thumb Code   620  _printf_fp_dec.o(.text)
    _printf_cs_common                        0x08001295   Thumb Code    20  _printf_char.o(.text)
    _printf_char                             0x080012a9   Thumb Code    16  _printf_char.o(.text)
    _printf_string                           0x080012b9   Thumb Code     8  _printf_char.o(.text)
    _printf_lcs_common                       0x080012c1   Thumb Code    20  _printf_wchar.o(.text)
    _printf_wchar                            0x080012d5   Thumb Code    16  _printf_wchar.o(.text)
    _printf_wstring                          0x080012e5   Thumb Code     8  _printf_wchar.o(.text)
    _strtoul                                 0x080012ed   Thumb Code   158  _strtoul.o(.text)
    ferror                                   0x0800138b   Thumb Code     8  ferror.o(.text)
    _wcrtomb                                 0x08001393   Thumb Code    64  _wcrtomb.o(.text)
    __rt_SIGRTMEM                            0x080013d3   Thumb Code    14  defsig_rtmem_outer.o(.text)
    __user_setup_stackheap                   0x080013e1   Thumb Code    74  sys_stackheap_outer.o(.text)
    __rt_locale                              0x0800142d   Thumb Code     8  rt_locale_intlibspace.o(.text)
    _printf_fp_infnan                        0x08001435   Thumb Code   112  _printf_fp_infnan.o(.text)
    _chval                                   0x080014b5   Thumb Code    28  _chval.o(.text)
    _btod_etento                             0x080014d1   Thumb Code   216  bigflt0.o(.text)
    exit                                     0x080015ad   Thumb Code    18  exit.o(.text)
    __sig_exit                               0x080015bf   Thumb Code    10  defsig_exit.o(.text)
    __rt_SIGRTMEM_inner                      0x080015c9   Thumb Code    22  defsig_rtmem_inner.o(.text)
    __default_signal_display                 0x08001619   Thumb Code    50  defsig_general.o(.text)
    strcmp                                   0x0800164d   Thumb Code   128  strcmpv7m.o(.text)
    _btod_d2e                                0x080016cd   Thumb Code    62  btod.o(CL$$btod_d2e)
    _d2e_denorm_low                          0x0800170b   Thumb Code    70  btod.o(CL$$btod_d2e_denorm_low)
    _d2e_norm_op1                            0x08001751   Thumb Code    96  btod.o(CL$$btod_d2e_norm_op1)
    __btod_div_common                        0x080017b1   Thumb Code   696  btod.o(CL$$btod_div_common)
    _e2e                                     0x08001ae9   Thumb Code   198  btod.o(CL$$btod_e2e)
    _btod_ediv                               0x08001baf   Thumb Code    40  btod.o(CL$$btod_ediv)
    _btod_emul                               0x08001bd7   Thumb Code    40  btod.o(CL$$btod_emul)
    __btod_mult_common                       0x08001bff   Thumb Code   580  btod.o(CL$$btod_mult_common)
    BusFault_Handler                         0x08001e45   Thumb Code    12  stm32f10x_it.o(i.BusFault_Handler)
    DHT11_Check                              0x08001e91   Thumb Code    92  dht11.o(i.DHT11_Check)
    DHT11_Init                               0x08001ef5   Thumb Code    58  dht11.o(i.DHT11_Init)
    DHT11_Read_Bit                           0x08001f35   Thumb Code    70  dht11.o(i.DHT11_Read_Bit)
    DHT11_Read_Byte                          0x08001f81   Thumb Code    30  dht11.o(i.DHT11_Read_Byte)
    DHT11_Read_Data                          0x08001f9f   Thumb Code    88  dht11.o(i.DHT11_Read_Data)
    DHT11_Rst                                0x08001ff9   Thumb Code    52  dht11.o(i.DHT11_Rst)
    DebugMon_Handler                         0x08002039   Thumb Code     2  stm32f10x_it.o(i.DebugMon_Handler)
    DelayXms                                 0x0800203d   Thumb Code    66  delay.o(i.DelayXms)
    EDP_DeleteBuffer                         0x08002085   Thumb Code    28  edpkit.o(i.EDP_DeleteBuffer)
    EDP_NewBuffer                            0x080020a1   Thumb Code    88  edpkit.o(i.EDP_NewBuffer)
    EDP_PacketCmdResp                        0x080020f9   Thumb Code   192  edpkit.o(i.EDP_PacketCmdResp)
    EDP_PacketConnect1                       0x080021b9   Thumb Code   232  edpkit.o(i.EDP_PacketConnect1)
    EDP_PacketSaveData                       0x080022a5   Thumb Code   468  edpkit.o(i.EDP_PacketSaveData)
    EDP_UnPacketCmd                          0x08002479   Thumb Code   214  edpkit.o(i.EDP_UnPacketCmd)
    EDP_UnPacketConnectRsp                   0x0800254f   Thumb Code     6  edpkit.o(i.EDP_UnPacketConnectRsp)
    EDP_UnPacketRecv                         0x08002555   Thumb Code     6  edpkit.o(i.EDP_UnPacketRecv)
    ESP8266_Clear                            0x0800255d   Thumb Code    18  esp8266.o(i.ESP8266_Clear)
    ESP8266_GetIPD                           0x08002579   Thumb Code    68  esp8266.o(i.ESP8266_GetIPD)
    ESP8266_Init                             0x080025c9   Thumb Code   204  esp8266.o(i.ESP8266_Init)
    ESP8266_SendCmd                          0x08002765   Thumb Code    76  esp8266.o(i.ESP8266_SendCmd)
    ESP8266_SendData                         0x080027b9   Thumb Code    46  esp8266.o(i.ESP8266_SendData)
    ESP8266_WaitRecive                       0x08002801   Thumb Code    42  esp8266.o(i.ESP8266_WaitRecive)
    EXTI0_IRQHandler                         0x08002835   Thumb Code     2  stm32f10x_it.o(i.EXTI0_IRQHandler)
    GPIO_Init                                0x08002837   Thumb Code   278  stm32f10x_gpio.o(i.GPIO_Init)
    GPIO_ReadOutputDataBit                   0x0800294d   Thumb Code    18  stm32f10x_gpio.o(i.GPIO_ReadOutputDataBit)
    GPIO_ResetBits                           0x0800295f   Thumb Code     4  stm32f10x_gpio.o(i.GPIO_ResetBits)
    GPIO_SetBits                             0x08002963   Thumb Code     4  stm32f10x_gpio.o(i.GPIO_SetBits)
    GPIO_WriteBit                            0x08002967   Thumb Code    10  stm32f10x_gpio.o(i.GPIO_WriteBit)
    HardFault_Handler                        0x08002971   Thumb Code    12  stm32f10x_it.o(i.HardFault_Handler)
    MemManage_Handler                        0x080029bd   Thumb Code    12  stm32f10x_it.o(i.MemManage_Handler)
    NMI_Handler                              0x08002a09   Thumb Code     2  stm32f10x_it.o(i.NMI_Handler)
    NVIC_Init                                0x08002a0d   Thumb Code   100  misc.o(i.NVIC_Init)
    NVIC_PriorityGroupConfig                 0x08002a7d   Thumb Code    10  misc.o(i.NVIC_PriorityGroupConfig)
    OneNet_DevLink                           0x08002a91   Thumb Code   240  onenet.o(i.OneNet_DevLink)
    OneNet_FillBuf                           0x08002d5d   Thumb Code   142  onenet.o(i.OneNet_FillBuf)
    OneNet_RevPro                            0x08002e31   Thumb Code   290  onenet.o(i.OneNet_RevPro)
    OneNet_SendData                          0x08002fb5   Thumb Code   128  onenet.o(i.OneNet_SendData)
    Pin_value                                0x08003091   Thumb Code    22  relay.o(i.Pin_value)
    RCC_APB1PeriphClockCmd                   0x080030b1   Thumb Code    26  stm32f10x_rcc.o(i.RCC_APB1PeriphClockCmd)
    RCC_APB2PeriphClockCmd                   0x080030d1   Thumb Code    26  stm32f10x_rcc.o(i.RCC_APB2PeriphClockCmd)
    RCC_GetClocksFreq                        0x080030f1   Thumb Code   192  stm32f10x_rcc.o(i.RCC_GetClocksFreq)
    RTC_IRQHandler                           0x080031cd   Thumb Code     2  stm32f10x_it.o(i.RTC_IRQHandler)
    ReadRemainlen                            0x080031cf   Thumb Code    62  edpkit.o(i.ReadRemainlen)
    SVC_Handler                              0x0800320d   Thumb Code     2  stm32f10x_it.o(i.SVC_Handler)
    SysTick_CLKSourceConfig                  0x080032f9   Thumb Code    40  misc.o(i.SysTick_CLKSourceConfig)
    SysTick_Handler                          0x08003321   Thumb Code     2  stm32f10x_it.o(i.SysTick_Handler)
    SystemInit                               0x08003325   Thumb Code    78  system_stm32f10x.o(i.SystemInit)
    USART1_IRQHandler                        0x08003385   Thumb Code   122  usart.o(i.USART1_IRQHandler)
    USART2_IRQHandler                        0x0800340d   Thumb Code    62  esp8266.o(i.USART2_IRQHandler)
    USART_ClearFlag                          0x08003459   Thumb Code    18  stm32f10x_usart.o(i.USART_ClearFlag)
    USART_Cmd                                0x0800346b   Thumb Code    24  stm32f10x_usart.o(i.USART_Cmd)
    USART_GetFlagStatus                      0x08003483   Thumb Code    26  stm32f10x_usart.o(i.USART_GetFlagStatus)
    USART_GetITStatus                        0x0800349d   Thumb Code    84  stm32f10x_usart.o(i.USART_GetITStatus)
    USART_ITConfig                           0x080034f1   Thumb Code    74  stm32f10x_usart.o(i.USART_ITConfig)
    USART_Init                               0x0800353d   Thumb Code   210  stm32f10x_usart.o(i.USART_Init)
    USART_ReceiveData                        0x08003615   Thumb Code    10  stm32f10x_usart.o(i.USART_ReceiveData)
    USART_SendData                           0x0800361f   Thumb Code     8  stm32f10x_usart.o(i.USART_SendData)
    UsageFault_Handler                       0x08003629   Thumb Code    12  stm32f10x_it.o(i.UsageFault_Handler)
    Usart2_Init                              0x08003679   Thumb Code   162  usart.o(i.Usart2_Init)
    UsartPrintf                              0x08003725   Thumb Code    72  usart.o(i.UsartPrintf)
    Usart_SendString                         0x0800376d   Thumb Code    50  usart.o(i.Usart_SendString)
    WriteRemainlen                           0x0800379f   Thumb Code    46  edpkit.o(i.WriteRemainlen)
    __ARM_fpclassify                         0x080037cd   Thumb Code    40  fpclassify.o(i.__ARM_fpclassify)
    _is_digit                                0x080037f5   Thumb Code    14  __printf_wp.o(i._is_digit)
    _sys_exit                                0x08003803   Thumb Code     6  usart.o(i._sys_exit)
    _ttywrch                                 0x08003809   Thumb Code     6  usart.o(i._ttywrch)
    delay_init                               0x08003811   Thumb Code    50  delay.o(i.delay_init)
    delay_ms                                 0x08003855   Thumb Code    72  delay.o(i.delay_ms)
    delay_us                                 0x080038a1   Thumb Code    72  delay.o(i.delay_us)
    fputc                                    0x080038ed   Thumb Code    24  usart.o(i.fputc)
    hardware_init                            0x08003909   Thumb Code    70  main.o(i.hardware_init)
    main                                     0x08003979   Thumb Code    82  main.o(i.main)
    relay_init                               0x080039e5   Thumb Code    40  relay.o(i.relay_init)
    relay_off                                0x08003a11   Thumb Code    14  relay.o(i.relay_off)
    relay_on                                 0x08003a25   Thumb Code    14  relay.o(i.relay_on)
    uart_init                                0x08003a39   Thumb Code   152  usart.o(i.uart_init)
    _get_lc_ctype                            0x08003ad9   Thumb Code    44  lc_ctype_c.o(locale$$code)
    _get_lc_numeric                          0x08003b05   Thumb Code    44  lc_numeric_c.o(locale$$code)
    _printf_fp_dec                           0x08003b31   Thumb Code     4  printf1.o(x$fpl$printf1)
    __I$use$fp                               0x08003b34   Number         0  usenofp.o(x$fpl$usenofp)
    Region$$Table$$Base                      0x08003c0c   Number         0  anon$$obj.o(Region$$Table)
    Region$$Table$$Limit                     0x08003c2c   Number         0  anon$$obj.o(Region$$Table)
    __ctype                                  0x08003c39   Data           0  lc_ctype_c.o(locale$$data)
    SystemCoreClock                          0x20000000   Data           4  system_stm32f10x.o(.data)
    AHBPrescTable                            0x20000004   Data          16  system_stm32f10x.o(.data)
    __stdout                                 0x20000018   Data           4  usart.o(.data)
    USART_RX_STA                             0x2000001c   Data           2  usart.o(.data)
    key_value                                0x20000032   Data           1  relay.o(.data)
    esp8266_cnt                              0x20000034   Data           2  esp8266.o(.data)
    esp8266_cntPre                           0x20000036   Data           2  esp8266.o(.data)
    temperature                              0x20000038   Data           1  onenet.o(.data)
    humidity                                 0x20000039   Data           1  onenet.o(.data)
    data1                                    0x2000003a   Data           1  onenet.o(.data)
    data2                                    0x2000003b   Data           1  onenet.o(.data)
    USART_RX_BUF                             0x2000003c   Data         200  usart.o(.bss)
    data_Buf                                 0x20000104   Data          20  usart.o(.bss)
    esp8266_buf                              0x20000118   Data         128  esp8266.o(.bss)
    __libspace_start                         0x20000198   Data          96  libspace.o(.bss)
    __temporary_stack_top$libspace           0x200001f8   Data           0  libspace.o(.bss)



==============================================================================

Memory Map of the image

  Image Entry point : 0x08000131

  Load Region LR_IROM1 (Base: 0x08000000, Size: 0x00003d94, Max: 0x00080000, ABSOLUTE)

    Execution Region ER_IROM1 (Base: 0x08000000, Size: 0x00003d58, Max: 0x00080000, ABSOLUTE)

    Base Addr    Size         Type   Attr      Idx    E Section Name        Object

    0x08000000   0x00000130   Data   RO           19    RESET               startup_stm32f10x_hd.o
    0x08000130   0x00000008   Code   RO         2250  * !!!main             c_w.l(__main.o)
    0x08000138   0x00000034   Code   RO         2597    !!!scatter          c_w.l(__scatter.o)
    0x0800016c   0x0000001a   Code   RO         2599    !!handler_copy      c_w.l(__scatter_copy.o)
    0x08000186   0x00000002   PAD
    0x08000188   0x0000001c   Code   RO         2601    !!handler_zi        c_w.l(__scatter_zi.o)
    0x080001a4   0x00000000   Code   RO         2229    .ARM.Collect$$_printf_percent$$00000000  c_w.l(_printf_percent.o)
    0x080001a4   0x00000006   Code   RO         2339    .ARM.Collect$$_printf_percent$$00000001  c_w.l(_printf_n.o)
    0x080001aa   0x00000006   Code   RO         2341    .ARM.Collect$$_printf_percent$$00000002  c_w.l(_printf_p.o)
    0x080001b0   0x00000006   Code   RO         2345    .ARM.Collect$$_printf_percent$$00000003  c_w.l(_printf_f.o)
    0x080001b6   0x00000006   Code   RO         2346    .ARM.Collect$$_printf_percent$$00000004  c_w.l(_printf_e.o)
    0x080001bc   0x00000006   Code   RO         2347    .ARM.Collect$$_printf_percent$$00000005  c_w.l(_printf_g.o)
    0x080001c2   0x00000006   Code   RO         2348    .ARM.Collect$$_printf_percent$$00000006  c_w.l(_printf_a.o)
    0x080001c8   0x0000000a   Code   RO         2353    .ARM.Collect$$_printf_percent$$00000007  c_w.l(_printf_ll.o)
    0x080001d2   0x00000006   Code   RO         2343    .ARM.Collect$$_printf_percent$$00000008  c_w.l(_printf_i.o)
    0x080001d8   0x00000006   Code   RO         2228    .ARM.Collect$$_printf_percent$$00000009  c_w.l(_printf_d.o)
    0x080001de   0x00000006   Code   RO         2344    .ARM.Collect$$_printf_percent$$0000000A  c_w.l(_printf_u.o)
    0x080001e4   0x00000006   Code   RO         2342    .ARM.Collect$$_printf_percent$$0000000B  c_w.l(_printf_o.o)
    0x080001ea   0x00000006   Code   RO         2340    .ARM.Collect$$_printf_percent$$0000000C  c_w.l(_printf_x.o)
    0x080001f0   0x00000006   Code   RO         2350    .ARM.Collect$$_printf_percent$$0000000D  c_w.l(_printf_lli.o)
    0x080001f6   0x00000006   Code   RO         2351    .ARM.Collect$$_printf_percent$$0000000E  c_w.l(_printf_lld.o)
    0x080001fc   0x00000006   Code   RO         2352    .ARM.Collect$$_printf_percent$$0000000F  c_w.l(_printf_llu.o)
    0x08000202   0x00000006   Code   RO         2357    .ARM.Collect$$_printf_percent$$00000010  c_w.l(_printf_llo.o)
    0x08000208   0x00000006   Code   RO         2358    .ARM.Collect$$_printf_percent$$00000011  c_w.l(_printf_llx.o)
    0x0800020e   0x0000000a   Code   RO         2354    .ARM.Collect$$_printf_percent$$00000012  c_w.l(_printf_l.o)
    0x08000218   0x00000006   Code   RO         2337    .ARM.Collect$$_printf_percent$$00000013  c_w.l(_printf_c.o)
    0x0800021e   0x00000006   Code   RO         2338    .ARM.Collect$$_printf_percent$$00000014  c_w.l(_printf_s.o)
    0x08000224   0x00000006   Code   RO         2355    .ARM.Collect$$_printf_percent$$00000015  c_w.l(_printf_lc.o)
    0x0800022a   0x00000006   Code   RO         2356    .ARM.Collect$$_printf_percent$$00000016  c_w.l(_printf_ls.o)
    0x08000230   0x00000004   Code   RO         2349    .ARM.Collect$$_printf_percent$$00000017  c_w.l(_printf_percent_end.o)
    0x08000234   0x00000002   Code   RO         2533    .ARM.Collect$$libinit$$00000000  c_w.l(libinit.o)
    0x08000236   0x00000000   Code   RO         2366    .ARM.Collect$$libinit$$00000002  c_w.l(libinit2.o)
    0x08000236   0x00000000   Code   RO         2368    .ARM.Collect$$libinit$$00000004  c_w.l(libinit2.o)
    0x08000236   0x00000008   Code   RO         2369    .ARM.Collect$$libinit$$00000005  c_w.l(libinit2.o)
    0x0800023e   0x00000000   Code   RO         2371    .ARM.Collect$$libinit$$0000000A  c_w.l(libinit2.o)
    0x0800023e   0x00000000   Code   RO         2373    .ARM.Collect$$libinit$$0000000C  c_w.l(libinit2.o)
    0x0800023e   0x00000000   Code   RO         2375    .ARM.Collect$$libinit$$0000000E  c_w.l(libinit2.o)
    0x0800023e   0x00000006   Code   RO         2376    .ARM.Collect$$libinit$$0000000F  c_w.l(libinit2.o)
    0x08000244   0x00000000   Code   RO         2378    .ARM.Collect$$libinit$$00000011  c_w.l(libinit2.o)
    0x08000244   0x0000000c   Code   RO         2379    .ARM.Collect$$libinit$$00000012  c_w.l(libinit2.o)
    0x08000250   0x00000000   Code   RO         2380    .ARM.Collect$$libinit$$00000013  c_w.l(libinit2.o)
    0x08000250   0x00000000   Code   RO         2382    .ARM.Collect$$libinit$$00000015  c_w.l(libinit2.o)
    0x08000250   0x0000000a   Code   RO         2383    .ARM.Collect$$libinit$$00000016  c_w.l(libinit2.o)
    0x0800025a   0x00000000   Code   RO         2384    .ARM.Collect$$libinit$$00000017  c_w.l(libinit2.o)
    0x0800025a   0x00000000   Code   RO         2386    .ARM.Collect$$libinit$$00000019  c_w.l(libinit2.o)
    0x0800025a   0x00000000   Code   RO         2388    .ARM.Collect$$libinit$$0000001B  c_w.l(libinit2.o)
    0x0800025a   0x00000000   Code   RO         2390    .ARM.Collect$$libinit$$0000001D  c_w.l(libinit2.o)
    0x0800025a   0x00000000   Code   RO         2392    .ARM.Collect$$libinit$$0000001F  c_w.l(libinit2.o)
    0x0800025a   0x00000000   Code   RO         2394    .ARM.Collect$$libinit$$00000021  c_w.l(libinit2.o)
    0x0800025a   0x00000000   Code   RO         2396    .ARM.Collect$$libinit$$00000023  c_w.l(libinit2.o)
    0x0800025a   0x00000000   Code   RO         2398    .ARM.Collect$$libinit$$00000025  c_w.l(libinit2.o)
    0x0800025a   0x00000000   Code   RO         2402    .ARM.Collect$$libinit$$0000002C  c_w.l(libinit2.o)
    0x0800025a   0x00000000   Code   RO         2404    .ARM.Collect$$libinit$$0000002E  c_w.l(libinit2.o)
    0x0800025a   0x00000000   Code   RO         2406    .ARM.Collect$$libinit$$00000030  c_w.l(libinit2.o)
    0x0800025a   0x00000000   Code   RO         2408    .ARM.Collect$$libinit$$00000032  c_w.l(libinit2.o)
    0x0800025a   0x00000002   Code   RO         2409    .ARM.Collect$$libinit$$00000033  c_w.l(libinit2.o)
    0x0800025c   0x00000002   Code   RO         2594    .ARM.Collect$$libshutdown$$00000000  c_w.l(libshutdown.o)
    0x0800025e   0x00000000   Code   RO         2552    .ARM.Collect$$libshutdown$$00000002  c_w.l(libshutdown2.o)
    0x0800025e   0x00000000   Code   RO         2554    .ARM.Collect$$libshutdown$$00000004  c_w.l(libshutdown2.o)
    0x0800025e   0x00000000   Code   RO         2557    .ARM.Collect$$libshutdown$$00000007  c_w.l(libshutdown2.o)
    0x0800025e   0x00000000   Code   RO         2560    .ARM.Collect$$libshutdown$$0000000A  c_w.l(libshutdown2.o)
    0x0800025e   0x00000000   Code   RO         2562    .ARM.Collect$$libshutdown$$0000000C  c_w.l(libshutdown2.o)
    0x0800025e   0x00000000   Code   RO         2565    .ARM.Collect$$libshutdown$$0000000F  c_w.l(libshutdown2.o)
    0x0800025e   0x00000002   Code   RO         2566    .ARM.Collect$$libshutdown$$00000010  c_w.l(libshutdown2.o)
    0x08000260   0x00000000   Code   RO         2256    .ARM.Collect$$rtentry$$00000000  c_w.l(__rtentry.o)
    0x08000260   0x00000000   Code   RO         2418    .ARM.Collect$$rtentry$$00000002  c_w.l(__rtentry2.o)
    0x08000260   0x00000006   Code   RO         2430    .ARM.Collect$$rtentry$$00000004  c_w.l(__rtentry4.o)
    0x08000266   0x00000000   Code   RO         2420    .ARM.Collect$$rtentry$$00000009  c_w.l(__rtentry2.o)
    0x08000266   0x00000004   Code   RO         2421    .ARM.Collect$$rtentry$$0000000A  c_w.l(__rtentry2.o)
    0x0800026a   0x00000000   Code   RO         2423    .ARM.Collect$$rtentry$$0000000C  c_w.l(__rtentry2.o)
    0x0800026a   0x00000008   Code   RO         2424    .ARM.Collect$$rtentry$$0000000D  c_w.l(__rtentry2.o)
    0x08000272   0x00000002   Code   RO         2539    .ARM.Collect$$rtexit$$00000000  c_w.l(rtexit.o)
    0x08000274   0x00000000   Code   RO         2568    .ARM.Collect$$rtexit$$00000002  c_w.l(rtexit2.o)
    0x08000274   0x00000004   Code   RO         2569    .ARM.Collect$$rtexit$$00000003  c_w.l(rtexit2.o)
    0x08000278   0x00000006   Code   RO         2570    .ARM.Collect$$rtexit$$00000004  c_w.l(rtexit2.o)
    0x0800027e   0x00000002   PAD
    0x08000280   0x00000000   Code   RO         2436    .emb_text           c_w.l(maybetermalloc1.o)
    0x08000280   0x00000040   Code   RO           20    .text               startup_stm32f10x_hd.o
    0x080002c0   0x00000002   Code   RO         2130    .text               c_w.l(use_no_semi_2.o)
    0x080002c2   0x0000005e   Code   RO         2136    .text               c_w.l(h1_alloc.o)
    0x08000320   0x0000004e   Code   RO         2138    .text               c_w.l(h1_free.o)
    0x0800036e   0x00000002   PAD
    0x08000370   0x00000034   Code   RO         2194    .text               c_w.l(c89vsnprintf.o)
    0x080003a4   0x00000018   Code   RO         2196    .text               c_w.l(__2printf.o)
    0x080003bc   0x0000002c   Code   RO         2198    .text               c_w.l(__2sprintf.o)
    0x080003e8   0x00000078   Code   RO         2206    .text               c_w.l(_printf_dec.o)
    0x08000460   0x00000188   Code   RO         2225    .text               c_w.l(__printf_flags_ss_wp.o)
    0x080005e8   0x0000001a   Code   RO         2230    .text               c_w.l(atoi.o)
    0x08000602   0x00000014   Code   RO         2232    .text               c_w.l(strchr.o)
    0x08000616   0x00000024   Code   RO         2234    .text               c_w.l(strncat.o)
    0x0800063a   0x00000024   Code   RO         2236    .text               c_w.l(strstr.o)
    0x0800065e   0x0000003e   Code   RO         2238    .text               c_w.l(strlen.o)
    0x0800069c   0x00000018   Code   RO         2240    .text               c_w.l(strcat.o)
    0x080006b4   0x0000008a   Code   RO         2242    .text               c_w.l(rt_memcpy_v6.o)
    0x0800073e   0x00000044   Code   RO         2244    .text               c_w.l(rt_memclr.o)
    0x08000782   0x0000004e   Code   RO         2246    .text               c_w.l(rt_memclr_w.o)
    0x080007d0   0x00000006   Code   RO         2248    .text               c_w.l(heapauxi.o)
    0x080007d6   0x00000002   Code   RO         2252    .text               c_w.l(use_no_semi.o)
    0x080007d8   0x00000008   Code   RO         2260    .text               c_w.l(rt_heap_descriptor_intlibspace.o)
    0x080007e0   0x00000008   Code   RO         2265    .text               c_w.l(rt_errno_addr_intlibspace.o)
    0x080007e8   0x00000004   Code   RO         2267    .text               c_w.l(hguard.o)
    0x080007ec   0x0000008a   Code   RO         2269    .text               c_w.l(init_alloc.o)
    0x08000876   0x0000000e   Code   RO         2273    .text               c_w.l(h1_init.o)
    0x08000884   0x0000004e   Code   RO         2287    .text               c_w.l(_printf_pad.o)
    0x080008d2   0x00000024   Code   RO         2289    .text               c_w.l(_printf_truncate.o)
    0x080008f6   0x00000052   Code   RO         2291    .text               c_w.l(_printf_str.o)
    0x08000948   0x000000b2   Code   RO         2293    .text               c_w.l(_printf_intcommon.o)
    0x080009fa   0x00000028   Code   RO         2295    .text               c_w.l(_printf_charcount.o)
    0x08000a22   0x00000002   PAD
    0x08000a24   0x00000030   Code   RO         2297    .text               c_w.l(_printf_char_common.o)
    0x08000a54   0x0000000a   Code   RO         2299    .text               c_w.l(_sputc.o)
    0x08000a5e   0x00000010   Code   RO         2301    .text               c_w.l(_snputc.o)
    0x08000a6e   0x00000002   PAD
    0x08000a70   0x00000024   Code   RO         2303    .text               c_w.l(_printf_char_file.o)
    0x08000a94   0x000000bc   Code   RO         2305    .text               c_w.l(_printf_wctomb.o)
    0x08000b50   0x0000007c   Code   RO         2308    .text               c_w.l(_printf_longlong_dec.o)
    0x08000bcc   0x00000070   Code   RO         2314    .text               c_w.l(_printf_oct_int_ll.o)
    0x08000c3c   0x00000094   Code   RO         2334    .text               c_w.l(_printf_hex_int_ll_ptr.o)
    0x08000cd0   0x00000070   Code   RO         2359    .text               c_w.l(strtol.o)
    0x08000d40   0x00000064   Code   RO         2361    .text               c_w.l(rt_memcpy_w.o)
    0x08000da4   0x00000008   Code   RO         2414    .text               c_w.l(libspace.o)
    0x08000dac   0x00000010   Code   RO         2432    .text               c_w.l(rt_ctype_table.o)
    0x08000dbc   0x00000034   Code   RO         2438    .text               c_w.l(h1_extend.o)
    0x08000df0   0x0000008a   Code   RO         2442    .text               c_w.l(lludiv10.o)
    0x08000e7a   0x0000041a   Code   RO         2444    .text               c_w.l(_printf_fp_dec.o)
    0x08001294   0x0000002c   Code   RO         2448    .text               c_w.l(_printf_char.o)
    0x080012c0   0x0000002c   Code   RO         2450    .text               c_w.l(_printf_wchar.o)
    0x080012ec   0x0000009e   Code   RO         2452    .text               c_w.l(_strtoul.o)
    0x0800138a   0x00000008   Code   RO         2454    .text               c_w.l(ferror.o)
    0x08001392   0x00000040   Code   RO         2458    .text               c_w.l(_wcrtomb.o)
    0x080013d2   0x0000000e   Code   RO         2460    .text               c_w.l(defsig_rtmem_outer.o)
    0x080013e0   0x0000004a   Code   RO         2472    .text               c_w.l(sys_stackheap_outer.o)
    0x0800142a   0x00000002   PAD
    0x0800142c   0x00000008   Code   RO         2479    .text               c_w.l(rt_locale_intlibspace.o)
    0x08001434   0x00000080   Code   RO         2483    .text               c_w.l(_printf_fp_infnan.o)
    0x080014b4   0x0000001c   Code   RO         2485    .text               c_w.l(_chval.o)
    0x080014d0   0x000000dc   Code   RO         2487    .text               c_w.l(bigflt0.o)
    0x080015ac   0x00000012   Code   RO         2518    .text               c_w.l(exit.o)
    0x080015be   0x0000000a   Code   RO         2520    .text               c_w.l(defsig_exit.o)
    0x080015c8   0x00000050   Code   RO         2522    .text               c_w.l(defsig_rtmem_inner.o)
    0x08001618   0x00000032   Code   RO         2547    .text               c_w.l(defsig_general.o)
    0x0800164a   0x00000002   PAD
    0x0800164c   0x00000080   Code   RO         2549    .text               c_w.l(strcmpv7m.o)
    0x080016cc   0x0000003e   Code   RO         2490    CL$$btod_d2e        c_w.l(btod.o)
    0x0800170a   0x00000046   Code   RO         2492    CL$$btod_d2e_denorm_low  c_w.l(btod.o)
    0x08001750   0x00000060   Code   RO         2491    CL$$btod_d2e_norm_op1  c_w.l(btod.o)
    0x080017b0   0x00000338   Code   RO         2500    CL$$btod_div_common  c_w.l(btod.o)
    0x08001ae8   0x000000c6   Code   RO         2497    CL$$btod_e2e        c_w.l(btod.o)
    0x08001bae   0x00000028   Code   RO         2494    CL$$btod_ediv       c_w.l(btod.o)
    0x08001bd6   0x00000028   Code   RO         2493    CL$$btod_emul       c_w.l(btod.o)
    0x08001bfe   0x00000244   Code   RO         2499    CL$$btod_mult_common  c_w.l(btod.o)
    0x08001e42   0x00000002   PAD
    0x08001e44   0x0000004c   Code   RO          137    i.BusFault_Handler  stm32f10x_it.o
    0x08001e90   0x00000064   Code   RO         1833    i.DHT11_Check       dht11.o
    0x08001ef4   0x00000040   Code   RO         1834    i.DHT11_Init        dht11.o
    0x08001f34   0x0000004c   Code   RO         1835    i.DHT11_Read_Bit    dht11.o
    0x08001f80   0x0000001e   Code   RO         1836    i.DHT11_Read_Byte   dht11.o
    0x08001f9e   0x00000058   Code   RO         1837    i.DHT11_Read_Data   dht11.o
    0x08001ff6   0x00000002   PAD
    0x08001ff8   0x00000040   Code   RO         1838    i.DHT11_Rst         dht11.o
    0x08002038   0x00000002   Code   RO          138    i.DebugMon_Handler  stm32f10x_it.o
    0x0800203a   0x00000002   PAD
    0x0800203c   0x00000048   Code   RO          285    i.DelayXms          delay.o
    0x08002084   0x0000001c   Code   RO         1973    i.EDP_DeleteBuffer  edpkit.o
    0x080020a0   0x00000058   Code   RO         1974    i.EDP_NewBuffer     edpkit.o
    0x080020f8   0x000000c0   Code   RO         1975    i.EDP_PacketCmdResp  edpkit.o
    0x080021b8   0x000000ec   Code   RO         1976    i.EDP_PacketConnect1  edpkit.o
    0x080022a4   0x000001d4   Code   RO         1980    i.EDP_PacketSaveData  edpkit.o
    0x08002478   0x000000d6   Code   RO         1981    i.EDP_UnPacketCmd   edpkit.o
    0x0800254e   0x00000006   Code   RO         1982    i.EDP_UnPacketConnectRsp  edpkit.o
    0x08002554   0x00000006   Code   RO         1984    i.EDP_UnPacketRecv  edpkit.o
    0x0800255a   0x00000002   PAD
    0x0800255c   0x0000001c   Code   RO         1915    i.ESP8266_Clear     esp8266.o
    0x08002578   0x00000050   Code   RO         1916    i.ESP8266_GetIPD    esp8266.o
    0x080025c8   0x0000019c   Code   RO         1917    i.ESP8266_Init      esp8266.o
    0x08002764   0x00000054   Code   RO         1918    i.ESP8266_SendCmd   esp8266.o
    0x080027b8   0x00000048   Code   RO         1919    i.ESP8266_SendData  esp8266.o
    0x08002800   0x00000034   Code   RO         1920    i.ESP8266_WaitRecive  esp8266.o
    0x08002834   0x00000002   Code   RO          139    i.EXTI0_IRQHandler  stm32f10x_it.o
    0x08002836   0x00000116   Code   RO          575    i.GPIO_Init         stm32f10x_gpio.o
    0x0800294c   0x00000012   Code   RO          581    i.GPIO_ReadOutputDataBit  stm32f10x_gpio.o
    0x0800295e   0x00000004   Code   RO          582    i.GPIO_ResetBits    stm32f10x_gpio.o
    0x08002962   0x00000004   Code   RO          583    i.GPIO_SetBits      stm32f10x_gpio.o
    0x08002966   0x0000000a   Code   RO          586    i.GPIO_WriteBit     stm32f10x_gpio.o
    0x08002970   0x0000004c   Code   RO          140    i.HardFault_Handler  stm32f10x_it.o
    0x080029bc   0x0000004c   Code   RO          141    i.MemManage_Handler  stm32f10x_it.o
    0x08002a08   0x00000002   Code   RO          142    i.NMI_Handler       stm32f10x_it.o
    0x08002a0a   0x00000002   PAD
    0x08002a0c   0x00000070   Code   RO          413    i.NVIC_Init         misc.o
    0x08002a7c   0x00000014   Code   RO          414    i.NVIC_PriorityGroupConfig  misc.o
    0x08002a90   0x000002cc   Code   RO         2075    i.OneNet_DevLink    onenet.o
    0x08002d5c   0x000000d4   Code   RO         2076    i.OneNet_FillBuf    onenet.o
    0x08002e30   0x00000184   Code   RO         2077    i.OneNet_RevPro     onenet.o
    0x08002fb4   0x000000dc   Code   RO         2078    i.OneNet_SendData   onenet.o
    0x08003090   0x00000020   Code   RO         1875    i.Pin_value         relay.o
    0x080030b0   0x00000020   Code   RO          685    i.RCC_APB1PeriphClockCmd  stm32f10x_rcc.o
    0x080030d0   0x00000020   Code   RO          687    i.RCC_APB2PeriphClockCmd  stm32f10x_rcc.o
    0x080030f0   0x000000dc   Code   RO          695    i.RCC_GetClocksFreq  stm32f10x_rcc.o
    0x080031cc   0x00000002   Code   RO          143    i.RTC_IRQHandler    stm32f10x_it.o
    0x080031ce   0x0000003e   Code   RO         1985    i.ReadRemainlen     edpkit.o
    0x0800320c   0x00000002   Code   RO          144    i.SVC_Handler       stm32f10x_it.o
    0x0800320e   0x00000008   Code   RO           24    i.SetSysClock       system_stm32f10x.o
    0x08003216   0x00000002   PAD
    0x08003218   0x000000e0   Code   RO           25    i.SetSysClockTo72   system_stm32f10x.o
    0x080032f8   0x00000028   Code   RO          417    i.SysTick_CLKSourceConfig  misc.o
    0x08003320   0x00000002   Code   RO          145    i.SysTick_Handler   stm32f10x_it.o
    0x08003322   0x00000002   PAD
    0x08003324   0x00000060   Code   RO           27    i.SystemInit        system_stm32f10x.o
    0x08003384   0x00000088   Code   RO          345    i.USART1_IRQHandler  usart.o
    0x0800340c   0x0000004c   Code   RO         1921    i.USART2_IRQHandler  esp8266.o
    0x08003458   0x00000012   Code   RO          883    i.USART_ClearFlag   stm32f10x_usart.o
    0x0800346a   0x00000018   Code   RO          887    i.USART_Cmd         stm32f10x_usart.o
    0x08003482   0x0000001a   Code   RO          890    i.USART_GetFlagStatus  stm32f10x_usart.o
    0x0800349c   0x00000054   Code   RO          891    i.USART_GetITStatus  stm32f10x_usart.o
    0x080034f0   0x0000004a   Code   RO          893    i.USART_ITConfig    stm32f10x_usart.o
    0x0800353a   0x00000002   PAD
    0x0800353c   0x000000d8   Code   RO          894    i.USART_Init        stm32f10x_usart.o
    0x08003614   0x0000000a   Code   RO          901    i.USART_ReceiveData  stm32f10x_usart.o
    0x0800361e   0x00000008   Code   RO          904    i.USART_SendData    stm32f10x_usart.o
    0x08003626   0x00000002   PAD
    0x08003628   0x00000050   Code   RO          146    i.UsageFault_Handler  stm32f10x_it.o
    0x08003678   0x000000ac   Code   RO          346    i.Usart2_Init       usart.o
    0x08003724   0x00000048   Code   RO          347    i.UsartPrintf       usart.o
    0x0800376c   0x00000032   Code   RO          348    i.Usart_SendString  usart.o
    0x0800379e   0x0000002e   Code   RO         1986    i.WriteRemainlen    edpkit.o
    0x080037cc   0x00000028   Code   RO         2537    i.__ARM_fpclassify  m_ws.l(fpclassify.o)
    0x080037f4   0x0000000e   Code   RO         2218    i._is_digit         c_w.l(__printf_wp.o)
    0x08003802   0x00000006   Code   RO          349    i._sys_exit         usart.o
    0x08003808   0x00000006   Code   RO          350    i._ttywrch          usart.o
    0x0800380e   0x00000002   PAD
    0x08003810   0x00000044   Code   RO          286    i.delay_init        delay.o
    0x08003854   0x0000004c   Code   RO          287    i.delay_ms          delay.o
    0x080038a0   0x0000004c   Code   RO          288    i.delay_us          delay.o
    0x080038ec   0x0000001c   Code   RO          351    i.fputc             usart.o
    0x08003908   0x00000070   Code   RO          222    i.hardware_init     main.o
    0x08003978   0x0000006c   Code   RO          223    i.main              main.o
    0x080039e4   0x0000002c   Code   RO         1876    i.relay_init        relay.o
    0x08003a10   0x00000014   Code   RO         1877    i.relay_off         relay.o
    0x08003a24   0x00000014   Code   RO         1878    i.relay_on          relay.o
    0x08003a38   0x000000a0   Code   RO          352    i.uart_init         usart.o
    0x08003ad8   0x0000002c   Code   RO         2513    locale$$code        c_w.l(lc_ctype_c.o)
    0x08003b04   0x0000002c   Code   RO         2516    locale$$code        c_w.l(lc_numeric_c.o)
    0x08003b30   0x00000004   Code   RO         2410    x$fpl$printf1       fz_ws.l(printf1.o)
    0x08003b34   0x00000000   Code   RO         2536    x$fpl$usenofp       fz_ws.l(usenofp.o)
    0x08003b34   0x00000011   Data   RO         2226    .constdata          c_w.l(__printf_flags_ss_wp.o)
    0x08003b45   0x00000003   PAD
    0x08003b48   0x00000008   Data   RO         2306    .constdata          c_w.l(_printf_wctomb.o)
    0x08003b50   0x00000028   Data   RO         2335    .constdata          c_w.l(_printf_hex_int_ll_ptr.o)
    0x08003b78   0x00000094   Data   RO         2488    .constdata          c_w.l(bigflt0.o)
    0x08003c0c   0x00000020   Data   RO         2595    Region$$Table       anon$$obj.o
    0x08003c2c   0x00000110   Data   RO         2512    locale$$data        c_w.l(lc_ctype_c.o)
    0x08003d3c   0x0000001c   Data   RO         2515    locale$$data        c_w.l(lc_numeric_c.o)


    Execution Region RW_IRAM1 (Base: 0x20000000, Size: 0x000009f8, Max: 0x00010000, ABSOLUTE)

    Base Addr    Size         Type   Attr      Idx    E Section Name        Object

    0x20000000   0x00000014   Data   RW           28    .data               system_stm32f10x.o
    0x20000014   0x00000004   Data   RW          289    .data               delay.o
    0x20000018   0x00000006   Data   RW          354    .data               usart.o
    0x2000001e   0x00000014   Data   RW          715    .data               stm32f10x_rcc.o
    0x20000032   0x00000001   Data   RW         1879    .data               relay.o
    0x20000033   0x00000001   PAD
    0x20000034   0x00000004   Data   RW         1923    .data               esp8266.o
    0x20000038   0x00000004   Data   RW         2079    .data               onenet.o
    0x2000003c   0x000000dc   Zero   RW          353    .bss                usart.o
    0x20000118   0x00000080   Zero   RW         1922    .bss                esp8266.o
    0x20000198   0x00000060   Zero   RW         2415    .bss                c_w.l(libspace.o)
    0x200001f8   0x00000400   Zero   RW           18    HEAP                startup_stm32f10x_hd.o
    0x200005f8   0x00000400   Zero   RW           17    STACK               startup_stm32f10x_hd.o


==============================================================================

Image component sizes


      Code (inc. data)   RO Data    RW Data    ZI Data      Debug   Object Name

         0          0          0          0          0       4548   core_cm3.o
       292         32          0          4          0       2214   delay.o
       422         32          0          0          0       3712   dht11.o
      1346          4          0          0          0       9040   edpkit.o
       804        288          0          4        128       4959   esp8266.o
       220         68          0          0          0     205783   main.o
       172         22          0          0          0       2001   misc.o
      1536        746          0          4          0       4863   onenet.o
       116         26          0          1          0       2012   relay.o
        64         26        304          0       2048        808   startup_stm32f10x_hd.o
       314          0          0          0          0       4165   stm32f10x_gpio.o
       320        260          0          0          0       4245   stm32f10x_it.o
       284         40          0         20          0       4374   stm32f10x_rcc.o
       460          6          0          0          0       6623   stm32f10x_usart.o
       328         28          0         20          0      25257   system_stm32f10x.o
       630         36          0          6        220       7319   usart.o

    ----------------------------------------------------------------------
      7326       1614        336         60       2396     291923   Object Totals
         0          0         32          0          0          0   (incl. Generated)
        18          0          0          1          0          0   (incl. Padding)

    ----------------------------------------------------------------------

      Code (inc. data)   RO Data    RW Data    ZI Data      Debug   Library Member Name

        24          4          0          0          0         84   __2printf.o
        44          6          0          0          0         84   __2sprintf.o
         8          0          0          0          0         68   __main.o
       392          4         17          0          0         92   __printf_flags_ss_wp.o
        14          0          0          0          0         68   __printf_wp.o
         0          0          0          0          0          0   __rtentry.o
        12          0          0          0          0          0   __rtentry2.o
         6          0          0          0          0          0   __rtentry4.o
        52          8          0          0          0          0   __scatter.o
        26          0          0          0          0          0   __scatter_copy.o
        28          0          0          0          0          0   __scatter_zi.o
        28          0          0          0          0         68   _chval.o
         6          0          0          0          0          0   _printf_a.o
         6          0          0          0          0          0   _printf_c.o
        44          0          0          0          0        108   _printf_char.o
        48          6          0          0          0         96   _printf_char_common.o
        36          4          0          0          0         80   _printf_char_file.o
        40          0          0          0          0         68   _printf_charcount.o
         6          0          0          0          0          0   _printf_d.o
       120         16          0          0          0         92   _printf_dec.o
         6          0          0          0          0          0   _printf_e.o
         6          0          0          0          0          0   _printf_f.o
      1050          0          0          0          0        216   _printf_fp_dec.o
       128         16          0          0          0         84   _printf_fp_infnan.o
         6          0          0          0          0          0   _printf_g.o
       148          4         40          0          0        160   _printf_hex_int_ll_ptr.o
         6          0          0          0          0          0   _printf_i.o
       178          0          0          0          0         88   _printf_intcommon.o
        10          0          0          0          0          0   _printf_l.o
         6          0          0          0          0          0   _printf_lc.o
        10          0          0          0          0          0   _printf_ll.o
         6          0          0          0          0          0   _printf_lld.o
         6          0          0          0          0          0   _printf_lli.o
         6          0          0          0          0          0   _printf_llo.o
         6          0          0          0          0          0   _printf_llu.o
         6          0          0          0          0          0   _printf_llx.o
       124         16          0          0          0         92   _printf_longlong_dec.o
         6          0          0          0          0          0   _printf_ls.o
         6          0          0          0          0          0   _printf_n.o
         6          0          0          0          0          0   _printf_o.o
       112         10          0          0          0        124   _printf_oct_int_ll.o
         6          0          0          0          0          0   _printf_p.o
        78          0          0          0          0        108   _printf_pad.o
         0          0          0          0          0          0   _printf_percent.o
         4          0          0          0          0          0   _printf_percent_end.o
         6          0          0          0          0          0   _printf_s.o
        82          0          0          0          0         80   _printf_str.o
        36          0          0          0          0         84   _printf_truncate.o
         6          0          0          0          0          0   _printf_u.o
        44          0          0          0          0        108   _printf_wchar.o
       188          6          8          0          0         92   _printf_wctomb.o
         6          0          0          0          0          0   _printf_x.o
        16          0          0          0          0         68   _snputc.o
        10          0          0          0          0         68   _sputc.o
       158          0          0          0          0         92   _strtoul.o
        64          0          0          0          0         92   _wcrtomb.o
        26          0          0          0          0         80   atoi.o
       220          4        148          0          0         96   bigflt0.o
      1910        128          0          0          0        672   btod.o
        52          4          0          0          0         80   c89vsnprintf.o
        10          0          0          0          0         68   defsig_exit.o
        50          0          0          0          0         88   defsig_general.o
        80         58          0          0          0         76   defsig_rtmem_inner.o
        14          0          0          0          0         80   defsig_rtmem_outer.o
        18          0          0          0          0         80   exit.o
         8          0          0          0          0         68   ferror.o
        94          0          0          0          0         80   h1_alloc.o
        52          0          0          0          0         68   h1_extend.o
        78          0          0          0          0         80   h1_free.o
        14          0          0          0          0         84   h1_init.o
         6          0          0          0          0        152   heapauxi.o
         4          0          0          0          0        136   hguard.o
       138          0          0          0          0        168   init_alloc.o
        44         10        272          0          0         76   lc_ctype_c.o
        44         10         28          0          0         76   lc_numeric_c.o
         2          0          0          0          0          0   libinit.o
        38          0          0          0          0          0   libinit2.o
         2          0          0          0          0          0   libshutdown.o
         2          0          0          0          0          0   libshutdown2.o
         8          4          0          0         96         68   libspace.o
       138          0          0          0          0         80   lludiv10.o
         0          0          0          0          0          0   maybetermalloc1.o
        16          4          0          0          0         76   rt_ctype_table.o
         8          4          0          0          0         68   rt_errno_addr_intlibspace.o
         8          4          0          0          0         68   rt_heap_descriptor_intlibspace.o
         8          4          0          0          0         68   rt_locale_intlibspace.o
        68          0          0          0          0         68   rt_memclr.o
        78          0          0          0          0         80   rt_memclr_w.o
       138          0          0          0          0         68   rt_memcpy_v6.o
       100          0          0          0          0         80   rt_memcpy_w.o
         2          0          0          0          0          0   rtexit.o
        10          0          0          0          0          0   rtexit2.o
        24          0          0          0          0         68   strcat.o
        20          0          0          0          0         68   strchr.o
       128          0          0          0          0         68   strcmpv7m.o
        62          0          0          0          0         76   strlen.o
        36          0          0          0          0         76   strncat.o
        36          0          0          0          0         80   strstr.o
       112          0          0          0          0         88   strtol.o
        74          0          0          0          0         80   sys_stackheap_outer.o
         2          0          0          0          0         68   use_no_semi.o
         2          0          0          0          0         68   use_no_semi_2.o
         4          0          0          0          0         68   printf1.o
         0          0          0          0          0          0   usenofp.o
        40          0          0          0          0         68   fpclassify.o

    ----------------------------------------------------------------------
      7526        334        516          0         96       6372   Library Totals
        16          0          3          0          0          0   (incl. Padding)

    ----------------------------------------------------------------------

      Code (inc. data)   RO Data    RW Data    ZI Data      Debug   Library Name

      7466        334        513          0         96       6236   c_w.l
         4          0          0          0          0         68   fz_ws.l
        40          0          0          0          0         68   m_ws.l

    ----------------------------------------------------------------------
      7526        334        516          0         96       6372   Library Totals

    ----------------------------------------------------------------------

==============================================================================


      Code (inc. data)   RO Data    RW Data    ZI Data      Debug   

     14852       1948        852         60       2492     290751   Grand Totals
     14852       1948        852         60       2492     290751   ELF Image Totals
     14852       1948        852         60          0          0   ROM Totals

==============================================================================

    Total RO  Size (Code + RO Data)                15704 (  15.34kB)
    Total RW  Size (RW Data + ZI Data)              2552 (   2.49kB)
    Total ROM Size (Code + RO Data + RW Data)      15764 (  15.39kB)

==============================================================================

